device/lib/drivers/uart/uart.c:147:44:handler_irq_uart	32	static
device/lib/drivers/rv_plic/rv_plic.c:424:45:handler_irq_dummy	32	static
device/lib/drivers/gpio/gpio.c:566:45:gpio_handler_irq_dummy	32	static
device/lib/drivers/i2c/i2c.c:629:44:handler_irq_i2c	32	static
device/lib/drivers/fast_intr_ctrl/fast_intr_ctrl.c:234:44:fic_irq_timer_1	16	static
device/lib/drivers/fast_intr_ctrl/fast_intr_ctrl.c:239:44:fic_irq_timer_2	16	static
device/lib/drivers/fast_intr_ctrl/fast_intr_ctrl.c:244:44:fic_irq_timer_3	16	static
device/lib/drivers/fast_intr_ctrl/fast_intr_ctrl.c:254:44:fic_irq_spi	16	static
device/lib/drivers/fast_intr_ctrl/fast_intr_ctrl.c:259:44:fic_irq_spi_flash	16	static
device/lib/drivers/fast_intr_ctrl/fast_intr_ctrl.c:264:44:fic_irq_gpio_0	16	static
device/lib/drivers/fast_intr_ctrl/fast_intr_ctrl.c:269:44:fic_irq_gpio_1	16	static
device/lib/drivers/fast_intr_ctrl/fast_intr_ctrl.c:274:44:fic_irq_gpio_2	16	static
device/lib/drivers/fast_intr_ctrl/fast_intr_ctrl.c:279:44:fic_irq_gpio_3	16	static
device/lib/drivers/fast_intr_ctrl/fast_intr_ctrl.c:284:44:fic_irq_gpio_4	16	static
device/lib/drivers/fast_intr_ctrl/fast_intr_ctrl.c:289:44:fic_irq_gpio_5	16	static
device/lib/drivers/fast_intr_ctrl/fast_intr_ctrl.c:294:44:fic_irq_gpio_6	16	static
device/lib/drivers/fast_intr_ctrl/fast_intr_ctrl.c:299:44:fic_irq_gpio_7	16	static
device/lib/drivers/spi_host/spi_host.c:124:44:handler_irq_spi	32	static
applications/vendor/CRYPTO-VLSI-SW/optimized/LWC/ASCON/common/include/round.h:16:21:ROUND.constprop	0	static
device/lib/drivers/dma/dma.c:237:44:dma_intr_handler_trans_done	0	static
device/lib/runtime/handler.c:24:13:print_exc_msg	16	static
applications/vendor/CRYPTO-VLSI-SW/optimized/LWC/ASCON/asconxofv12/main.c:13:5:main	256	static
device/lib/runtime/init.c:4:5:init	0	static
device/lib/runtime/syscalls.c:92:5:_close	0	static
/software/x-heep/riscv-centos/riscv32-unknown-elf/include/sys/unistd.h:18:6:_exit	0	static
device/lib/runtime/syscalls.c:125:5:_fstat	0	static
device/lib/runtime/syscalls.c:162:5:_isatty	0	static
device/lib/runtime/syscalls.c:179:7:_lseek	0	static
device/lib/runtime/syscalls.c:201:9:_read	0	static
device/lib/runtime/syscalls.c:243:9:_write	16	static
device/lib/runtime/syscalls.c:277:7:_sbrk	0	static
device/lib/runtime/handler.c:32:28:handler_exception	128	static
device/lib/runtime/handler.c:67:28:handler_irq_software	64	static
device/lib/runtime/handler.c:73:28:handler_irq_timer	64	static
device/lib/drivers/rv_plic/rv_plic.c:138:6:handler_irq_external	80	static
device/lib/drivers/dma/dma.c:161:6:fic_irq_dma	0	static
device/lib/drivers/fast_intr_ctrl/fast_intr_ctrl.c:334:6:handler_irq_fast_dma	16	static
device/lib/drivers/fast_intr_ctrl/fast_intr_ctrl.c:310:6:handler_irq_fast_timer_1	64	static
device/lib/drivers/fast_intr_ctrl/fast_intr_ctrl.c:318:6:handler_irq_fast_timer_2	64	static
device/lib/drivers/fast_intr_ctrl/fast_intr_ctrl.c:326:6:handler_irq_fast_timer_3	64	static
device/lib/drivers/fast_intr_ctrl/fast_intr_ctrl.c:342:6:handler_irq_fast_spi	64	static
device/lib/drivers/fast_intr_ctrl/fast_intr_ctrl.c:350:6:handler_irq_fast_spi_flash	64	static
device/lib/drivers/fast_intr_ctrl/fast_intr_ctrl.c:358:6:handler_irq_fast_gpio_0	64	static
device/lib/drivers/fast_intr_ctrl/fast_intr_ctrl.c:366:6:handler_irq_fast_gpio_1	64	static
device/lib/drivers/fast_intr_ctrl/fast_intr_ctrl.c:374:6:handler_irq_fast_gpio_2	64	static
device/lib/drivers/fast_intr_ctrl/fast_intr_ctrl.c:382:6:handler_irq_fast_gpio_3	64	static
device/lib/drivers/fast_intr_ctrl/fast_intr_ctrl.c:390:6:handler_irq_fast_gpio_4	64	static
device/lib/drivers/fast_intr_ctrl/fast_intr_ctrl.c:398:6:handler_irq_fast_gpio_5	64	static
device/lib/drivers/fast_intr_ctrl/fast_intr_ctrl.c:406:6:handler_irq_fast_gpio_6	64	static
device/lib/drivers/fast_intr_ctrl/fast_intr_ctrl.c:414:6:handler_irq_fast_gpio_7	64	static
